2026-09-08 12:41:25,743 | INFO | SIH26187.TEST | Logging functional test successful
2026-09-08 12:43:31,553 | INFO | SIH26187.API | SIH26187 backend starting.
2026-09-08 12:47:00,121 | INFO | SIH26187.API | SIH26187 backend shutting down.
2026-09-08 12:47:11,123 | INFO | SIH26187.API | SIH26187 backend starting.
2026-09-08 12:50:00,493 | INFO | SIH26187.API | SIH26187 backend shutting down.
2026-09-08 12:50:08,814 | INFO | SIH26187.API | SIH26187 backend starting.
2026-09-08 12:56:02,451 | INFO | app.inference.onnx_engine | Loaded ONNX model: test_model.onnx
2026-09-08 12:56:02,451 | INFO | app.inference.model_manager | Model 'test_model' loaded successfully.
2026-09-08 13:46:26,047 | INFO | SIH26187.API | SIH26187 backend starting.
2026-09-08 13:46:26,048 | INFO | SIH26187.API | SIH26187 backend shutting down.
2026-09-08 13:48:13,518 | INFO | SIH26187.API | SIH26187 backend starting.
2026-09-08 13:49:07,564 | INFO | app.inference.onnx_engine | Loaded ONNX model: test_model.onnx
2026-09-08 13:49:07,564 | INFO | app.inference.model_manager | Model 'test_model' loaded successfully.
2026-09-08 13:56:24,709 | INFO | SIH26187.API | SIH26187 backend starting.
2026-09-08 14:00:30,943 | INFO | SIH26187.API | SIH26187 backend starting.
2026-09-08 14:03:11,599 | INFO | SIH26187.API | SIH26187 backend starting.
2026-09-08 14:06:02,029 | ERROR | SIH26187.API | Unhandled exception: POST /api/models/load
Traceback (most recent call last):
  File "F:\SIH26187_Inference_Engine\.venv\Lib\site-packages\starlette\middleware\errors.py", line 164, in __call__
    await self.app(scope, receive, _send)
  File "F:\SIH26187_Inference_Engine\.venv\Lib\site-packages\starlette\middleware\exceptions.py", line 63, in __call__
    await wrap_app_handling_exceptions(self.app, conn)(scope, receive, send)
  File "F:\SIH26187_Inference_Engine\.venv\Lib\site-packages\starlette\_exception_handler.py", line 53, in wrapped_app
    raise exc
  File "F:\SIH26187_Inference_Engine\.venv\Lib\site-packages\starlette\_exception_handler.py", line 42, in wrapped_app
    await app(scope, receive, sender)
  File "F:\SIH26187_Inference_Engine\.venv\Lib\site-packages\fastapi\middleware\asyncexitstack.py", line 18, in __call__
    await self.app(scope, receive, send)
  File "F:\SIH26187_Inference_Engine\.venv\Lib\site-packages\starlette\routing.py", line 670, in __call__
    await self.middleware_stack(scope, receive, send)
  File "F:\SIH26187_Inference_Engine\.venv\Lib\site-packages\fastapi\routing.py", line 2734, in app
    await route.handle(scope, receive, send)
  File "F:\SIH26187_Inference_Engine\.venv\Lib\site-packages\fastapi\routing.py", line 1780, in handle
    await self.original_router.handle(scope, receive, send)
  File "F:\SIH26187_Inference_Engine\.venv\Lib\site-packages\fastapi\routing.py", line 2789, in handle
    await included_router._handle_selected(scope, receive, send)
  File "F:\SIH26187_Inference_Engine\.venv\Lib\site-packages\fastapi\routing.py", line 1800, in _handle_selected
    await original_route.handle(scope, receive, send)
  File "F:\SIH26187_Inference_Engine\.venv\Lib\site-packages\fastapi\routing.py", line 1279, in handle
    await app(scope, receive, send)
  File "F:\SIH26187_Inference_Engine\.venv\Lib\site-packages\fastapi\routing.py", line 158, in app
    await wrap_app_handling_exceptions(app, request)(scope, receive, send)
  File "F:\SIH26187_Inference_Engine\.venv\Lib\site-packages\starlette\_exception_handler.py", line 53, in wrapped_app
    raise exc
  File "F:\SIH26187_Inference_Engine\.venv\Lib\site-packages\starlette\_exception_handler.py", line 42, in wrapped_app
    await app(scope, receive, sender)
  File "F:\SIH26187_Inference_Engine\.venv\Lib\site-packages\fastapi\routing.py", line 144, in app
    response = await f(request)
               ^^^^^^^^^^^^^^^^
  File "F:\SIH26187_Inference_Engine\.venv\Lib\site-packages\fastapi\routing.py", line 706, in app
    raw_response = await run_endpoint_function(
                   ^^^^^^^^^^^^^^^^^^^^^^^^^^^^
    ...<3 lines>...
    )
    ^
  File "F:\SIH26187_Inference_Engine\.venv\Lib\site-packages\fastapi\routing.py", line 352, in run_endpoint_function
    return await dependant.call(**values)
           ^^^^^^^^^^^^^^^^^^^^^^^^^^^^^^
  File "F:\SIH26187_Inference_Engine\app\api\models.py", line 32, in load_model
  File "F:\SIH26187_Inference_Engine\.venv\Lib\site-packages\pydantic\main.py", line 1042, in __getattr__
    raise AttributeError(f'{type(self).__name__!r} object has no attribute {item!r}')
AttributeError: 'Settings' object has no attribute 'model_dir'. Did you mean: 'model_dump'?
2026-09-08 14:10:11,388 | INFO | SIH26187.API | SIH26187 backend starting.
2026-09-08 14:10:42,920 | INFO | app.inference.onnx_engine | Loaded ONNX model: test_model.onnx
2026-09-08 14:10:42,920 | INFO | app.inference.model_manager | Model 'test_model' loaded successfully.
2026-09-08 14:13:18,584 | INFO | app.inference.onnx_engine | Loaded ONNX model: image_test_model.onnx
2026-09-08 14:13:18,584 | INFO | app.inference.model_manager | Model 'image_test_model' loaded successfully.
2026-09-08 14:13:41,844 | INFO | app.inference.inference_service | Inference completed | model=image_test_model | latency=0.0009s
2026-09-08 14:17:31,407 | INFO | SIH26187.API | SIH26187 backend starting.
2026-09-08 14:17:31,408 | INFO | SIH26187.API | SIH26187 backend shutting down.
2026-09-08 14:18:25,636 | INFO | SIH26187.API | SIH26187 backend starting.
2026-09-08 14:18:59,405 | INFO | app.pipeline.video_loader | Video opened successfully: test_video.mp4
2026-09-08 14:18:59,411 | INFO | app.pipeline.video_loader | Video released: test_video.mp4
2026-09-08 14:23:04,929 | INFO | SIH26187.API | SIH26187 backend shutting down.
2026-09-08 14:23:12,852 | INFO | SIH26187.API | SIH26187 backend starting.
2026-09-08 14:25:36,012 | INFO | app.pipeline.video_loader | Video opened successfully: test_video.mp4
2026-09-08 14:25:36,019 | INFO | app.pipeline.video_loader | Video released: test_video.mp4
2026-09-08 14:28:58,323 | INFO | SIH26187.API | SIH26187 backend starting.
2026-09-08 14:28:58,324 | INFO | SIH26187.API | SIH26187 backend shutting down.
2026-09-08 14:29:38,625 | INFO | app.inference.onnx_engine | Loaded ONNX model: image_test_model.onnx
2026-09-08 14:29:38,625 | INFO | app.inference.model_manager | Model 'image_test_model' loaded successfully.
2026-09-08 14:31:33,508 | INFO | app.pipeline.video_loader | Video opened successfully: test_video_input.mp4
2026-09-08 14:31:33,515 | INFO | app.pipeline.video_loader | Video released: test_video_input.mp4
2026-09-08 14:32:21,003 | INFO | SIH26187.API | SIH26187 backend starting.
2026-09-08 14:57:58,516 | INFO | SIH26187.API | SIH26187 backend starting.
2026-09-08 14:57:58,516 | INFO | SIH26187.API | SIH26187 backend shutting down.
2026-09-08 14:58:59,695 | INFO | SIH26187.API | SIH26187 backend starting.
2026-09-08 14:59:18,134 | INFO | app.pipeline.video_loader | Video opened successfully: test_video_input.mp4
2026-09-08 14:59:18,145 | INFO | app.pipeline.video_loader | Video released: test_video_input.mp4
2026-09-08 14:59:38,996 | INFO | app.inference.onnx_engine | Loaded ONNX model: image_test_model.onnx
2026-09-08 14:59:38,997 | INFO | app.inference.model_manager | Model 'image_test_model' loaded successfully.
2026-09-08 14:59:57,759 | INFO | app.pipeline.video_loader | Video opened successfully: test_video_input.mp4
2026-09-08 14:59:57,766 | INFO | app.inference.inference_service | Inference completed | model=image_test_model | latency=0.0006s
2026-09-08 14:59:57,769 | INFO | app.inference.inference_service | Inference completed | model=image_test_model | latency=0.0003s
2026-09-08 14:59:57,771 | INFO | app.inference.inference_service | Inference completed | model=image_test_model | latency=0.0005s
2026-09-08 14:59:57,773 | INFO | app.inference.inference_service | Inference completed | model=image_test_model | latency=0.0003s
2026-09-08 14:59:57,774 | INFO | app.inference.inference_service | Inference completed | model=image_test_model | latency=0.0002s
2026-09-08 14:59:57,778 | INFO | app.pipeline.video_loader | Video released: test_video_input.mp4
2026-09-08 15:06:05,086 | INFO | SIH26187.API | SIH26187 backend starting.
2026-09-08 15:06:47,944 | INFO | app.pipeline.video_loader | Video opened successfully: upload_cwdm7676.mp4
2026-09-08 15:06:47,952 | INFO | app.pipeline.video_loader | Video released: upload_cwdm7676.mp4
2026-09-08 15:07:03,614 | INFO | app.inference.onnx_engine | Loaded ONNX model: image_test_model.onnx
2026-09-08 15:07:03,615 | INFO | app.inference.model_manager | Model 'image_test_model' loaded successfully.
2026-09-08 15:07:22,517 | INFO | app.pipeline.video_loader | Video opened successfully: upload_24sp7hp2.mp4
2026-09-08 15:07:22,522 | INFO | app.inference.inference_service | Inference completed | model=image_test_model | latency=0.0006s
2026-09-08 15:07:22,524 | INFO | app.inference.inference_service | Inference completed | model=image_test_model | latency=0.0003s
2026-09-08 15:07:22,526 | INFO | app.inference.inference_service | Inference completed | model=image_test_model | latency=0.0002s
2026-09-08 15:07:22,528 | INFO | app.inference.inference_service | Inference completed | model=image_test_model | latency=0.0003s
2026-09-08 15:07:22,529 | INFO | app.inference.inference_service | Inference completed | model=image_test_model | latency=0.0002s
2026-09-08 15:07:22,533 | INFO | app.pipeline.video_loader | Video released: upload_24sp7hp2.mp4
2026-09-08 15:11:10,928 | INFO | SIH26187.API | SIH26187 backend starting.
2026-09-08 16:53:02,143 | INFO | httpx | HTTP Request: GET http://testserver/api/health "HTTP/1.1 200 OK"
2026-09-08 16:53:02,149 | INFO | httpx | HTTP Request: OPTIONS http://testserver/api/health "HTTP/1.1 200 OK"
2026-09-08 22:03:05,621 | INFO | SIH26187.API | SIH26187 backend starting.
2026-09-08 22:03:21,996 | WARNING | SIH26187.API | Request validation failed: POST /api/models/load | [{'type': 'json_invalid', 'loc': ('body', 1), 'msg': 'JSON decode error', 'input': {}, 'ctx': {'error': 'Expecting property name enclosed in double quotes'}}]
2026-09-08 22:03:27,537 | INFO | app.inference.onnx_engine | Loaded ONNX model: test_model.onnx | Active providers: ['CPUExecutionProvider']
2026-09-08 22:03:27,537 | INFO | app.inference.model_manager | Model 'test_model' loaded successfully.
2026-09-08 22:05:55,182 | INFO | app.inference.onnx_engine | Loaded ONNX model: test_model.onnx | Active providers: ['CPUExecutionProvider']
2026-09-08 22:05:55,183 | INFO | app.inference.model_manager | Model 'detection-yolo' loaded successfully.
2026-09-08 22:15:28,361 | INFO | app.inference.onnx_engine | Loaded ONNX model: best.onnx | Active providers: ['CPUExecutionProvider']
2026-09-08 22:15:28,362 | INFO | app.inference.model_manager | Model 'best' loaded successfully.
2026-09-08 22:15:38,544 | INFO | app.inference.inference_service | Inference completed | model=best | latency=0.0138s | detections=0
2026-09-08 22:18:08,645 | INFO | SIH26187.API | SIH26187 backend starting.
2026-09-08 22:18:08,951 | INFO | app.inference.onnx_engine | Loaded ONNX model: best.onnx | Active providers: ['CPUExecutionProvider'] | Class labels: 7 | Input size: (640, 640)
2026-09-08 22:18:08,952 | INFO | app.inference.model_manager | Model 'best' loaded successfully.
2026-09-08 22:18:08,952 | INFO | SIH26187.API | Auto-loaded primary threat detection model 'best' from C:\Users\betas.HARIOM\OneDrive\Desktop\mayajaal\backend\models\best.onnx
2026-09-08 22:18:20,842 | INFO | app.inference.inference_service | Inference completed | model=best | latency=0.0806s | detections=1
2026-09-08 22:18:23,669 | INFO | SIH26187.API | SIH26187 backend starting.
2026-09-08 22:18:23,984 | INFO | app.inference.onnx_engine | Loaded ONNX model: best.onnx | Active providers: ['CPUExecutionProvider'] | Class labels: 7 | Input size: (640, 640)
2026-09-08 22:18:23,985 | INFO | app.inference.model_manager | Model 'best' loaded successfully.
2026-09-08 22:18:23,985 | INFO | SIH26187.API | Auto-loaded primary threat detection model 'best' from C:\Users\betas.HARIOM\OneDrive\Desktop\mayajaal\backend\models\best.onnx
2026-09-08 22:18:23,987 | INFO | SIH26187.API | SIH26187 backend shutting down.
2026-09-08 22:18:24,861 | INFO | app.pipeline.video_loader | Video opened successfully: upload_1oq3djv9.mp4
2026-09-08 22:18:24,963 | INFO | app.inference.inference_service | Inference completed | model=best | latency=0.0763s | detections=0
2026-09-08 22:18:25,038 | INFO | app.inference.inference_service | Inference completed | model=best | latency=0.0658s | detections=0
2026-09-08 22:18:25,112 | INFO | app.inference.inference_service | Inference completed | model=best | latency=0.0653s | detections=0
2026-09-08 22:18:25,188 | INFO | app.inference.inference_service | Inference completed | model=best | latency=0.0681s | detections=0
2026-09-08 22:18:25,266 | INFO | app.inference.inference_service | Inference completed | model=best | latency=0.0688s | detections=0
2026-09-08 22:18:25,276 | INFO | app.pipeline.video_loader | Video released: upload_1oq3djv9.mp4
2026-09-08 22:23:44,576 | INFO | SIH26187.API | SIH26187 backend shutting down.
2026-09-08 22:25:40,831 | INFO | SIH26187.API | SIH26187 backend starting.
2026-09-08 22:25:41,111 | INFO | app.inference.onnx_engine | Loaded ONNX model: best.onnx | Active providers: ['CPUExecutionProvider'] | Class labels: 7 | Input size: (640, 640)
2026-09-08 22:25:41,112 | INFO | app.inference.model_manager | Model 'best' loaded successfully.
2026-09-08 22:25:41,112 | INFO | SIH26187.API | Auto-loaded primary threat detection model 'best' from C:\Users\betas.HARIOM\OneDrive\Desktop\mayajaal\backend\models\best.onnx
2026-09-08 22:29:00,724 | INFO | app.inference.inference_service | Inference completed | model=best | latency=0.0871s | detections=0
2026-09-08 22:29:29,039 | INFO | app.inference.inference_service | Inference completed | model=best | latency=0.1134s | detections=1
2026-09-08 22:34:55,448 | INFO | app.inference.inference_service | Inference completed | model=best | latency=0.1294s | detections=1
2026-09-08 22:38:00,270 | INFO | app.inference.inference_service | Inference completed | model=best | latency=0.1168s | detections=1
2026-09-08 22:39:05,798 | INFO | app.inference.inference_service | Inference completed | model=best | latency=0.1101s | detections=0
2026-09-08 22:39:11,241 | INFO | app.inference.inference_service | Inference completed | model=best | latency=0.0782s | detections=0
2026-09-08 22:40:07,352 | INFO | app.inference.inference_service | Inference completed | model=best | latency=0.1078s | detections=1
2026-09-08 22:40:41,350 | INFO | app.inference.inference_service | Inference completed | model=best | latency=0.1127s | detections=1
