Traceback (most recent call last):
  File "<frozen runpy>", line 203, in _run_module_as_main
  File "<frozen runpy>", line 88, in _run_code
  File "F:\SIH26187_Inference_Engine\.venv\Lib\site-packages\uvicorn\__main__.py", line 4, in <module>
    uvicorn.main()
    ~~~~~~~~~~~~^^
  File "F:\SIH26187_Inference_Engine\.venv\Lib\site-packages\click\core.py", line 1631, in __call__
    return self.main(*args, **kwargs)
           ~~~~~~~~~^^^^^^^^^^^^^^^^^
  File "F:\SIH26187_Inference_Engine\.venv\Lib\site-packages\click\core.py", line 1552, in main
    rv = self.invoke(ctx)
  File "F:\SIH26187_Inference_Engine\.venv\Lib\site-packages\click\core.py", line 1415, in invoke
    return ctx.invoke(self.callback, **ctx.params)
           ~~~~~~~~~~^^^^^^^^^^^^^^^^^^^^^^^^^^^^^
  File "F:\SIH26187_Inference_Engine\.venv\Lib\site-packages\click\core.py", line 910, in invoke
    return callback(*args, **kwargs)
  File "F:\SIH26187_Inference_Engine\.venv\Lib\site-packages\uvicorn\main.py", line 440, in main
    run(
    ~~~^
        app,
        ^^^^
    ...<48 lines>...
        reset_contextvars=reset_contextvars,
        ^^^^^^^^^^^^^^^^^^^^^^^^^^^^^^^^^^^^
    )
    ^
  File "F:\SIH26187_Inference_Engine\.venv\Lib\site-packages\uvicorn\main.py", line 609, in run
    config.load_app()
    ~~~~~~~~~~~~~~~^^
  File "F:\SIH26187_Inference_Engine\.venv\Lib\site-packages\uvicorn\config.py", line 428, in load_app
    return import_from_string(self.app)
  File "F:\SIH26187_Inference_Engine\.venv\Lib\site-packages\uvicorn\importer.py", line 19, in import_from_string
    module = importlib.import_module(module_str)
  File "C:\Users\Aditi\AppData\Local\Programs\Python\Python313\Lib\importlib\__init__.py", line 88, in import_module
    return _bootstrap._gcd_import(name[level:], package, level)
           ~~~~~~~~~~~~~~~~~~~~~~^^^^^^^^^^^^^^^^^^^^^^^^^^^^^^
  File "<frozen importlib._bootstrap>", line 1395, in _gcd_import
  File "<frozen importlib._bootstrap>", line 1360, in _find_and_load
  File "<frozen importlib._bootstrap>", line 1331, in _find_and_load_unlocked
  File "<frozen importlib._bootstrap>", line 935, in _load_unlocked
  File "<frozen importlib._bootstrap_external>", line 1023, in exec_module
  File "<frozen importlib._bootstrap>", line 488, in _call_with_frames_removed
  File "F:\SIH26187_Inference_Engine\app\main.py", line 6, in <module>
    from app.api.inference import router as inference_router
  File "F:\SIH26187_Inference_Engine\app\api\inference.py", line 8, in <module>
    from app.core.runtime import inference_service, model_manager, resource_manager
  File "F:\SIH26187_Inference_Engine\app\core\runtime.py", line 11, in <module>
    model_dir=settings.model_dir,
              ^^^^^^^^^^^^^^^^^^
  File "F:\SIH26187_Inference_Engine\.venv\Lib\site-packages\pydantic\main.py", line 1042, in __getattr__
    raise AttributeError(f'{type(self).__name__!r} object has no attribute {item!r}')
AttributeError: 'Settings' object has no attribute 'model_dir'. Did you mean: 'model_dump'?
